[Config]
RefFiles=sound.ref;facts.ref;bugs.ref;notes.ref
GameDir=river-raid

[Game]
Game=River Raid

[Index:Graphics:Graphics and sound]
Sound

[Index:Reference:Reference]
Facts
Bugs
Notes

[Paths]
Sound=sound/sound.html
Notes=reference/notes.html

[Links]
Sound=Sound effects
Notes=Implementation notes

[Titles]
Facts=Trivia
Notes=Implementation notes

[Page:Sound]
SectionPrefix=Audio

[Page:Notes]
SectionPrefix=Note
